Starting net.minecraft.server.Main
[11:24:40] [ServerMain/INFO]: Environment: Environment[sessionHost=https://sessionserver.mojang.com, servicesHost=https://api.minecraftservices.com, profilesHost=https://api.mojang.com, name=PROD]
[11:24:41] [ServerMain/INFO]: Loaded 1470 recipes
[11:24:41] [ServerMain/INFO]: Loaded 1584 advancements
[11:24:41] [Server thread/INFO]: Starting minecraft server version 1.21.11
[11:24:41] [Server thread/INFO]: Loading properties
[11:24:41] [Server thread/INFO]: Default game type: CREATIVE
[11:24:41] [Server thread/INFO]: Generating keypair
[11:24:41] [Server thread/INFO]: Starting Minecraft server on 127.0.0.1:58110
[11:24:42] [Server thread/WARN]: **** SERVER IS RUNNING IN OFFLINE/INSECURE MODE!
[11:24:42] [Server thread/WARN]: The server will make no attempt to authenticate usernames. Beware.
[11:24:42] [Server thread/WARN]: While this makes the game possible to play without internet access, it also opens up the ability for hackers to connect with any username they choose.
[11:24:42] [Server thread/WARN]: To change this, set "online-mode" to "true" in the server.properties file.
[11:24:42] [Server thread/INFO]: Preparing level "world"
[11:24:42] [Server thread/INFO]: Loading 0 persistent chunks...
[11:24:42] [Server thread/INFO]: Time elapsed: 14 ms
[11:24:42] [Server thread/INFO]: Done (0.100s)! For help, type "help"
[11:24:42] [Server thread/INFO]: Marked chunk [-92, 80] in minecraft:overworld to be force loaded
[11:24:42] [Server thread/INFO]: [Not Secure] [Server] TEST_NORTH_PLINTH_OK
[11:24:42] [Server thread/INFO]: [Not Secure] [Server] TEST_NORTH_SOURCE_OK
[11:24:42] [Server thread/INFO]: Marked chunk [-57, 88] in minecraft:overworld to be force loaded
[11:24:42] [Server thread/INFO]: [Not Secure] [Server] TEST_SOUTH_PLINTH_OK
[11:24:42] [Server thread/INFO]: [Not Secure] [Server] TEST_SOUTH_SOURCE_OK
[11:24:42] [Server thread/INFO]: Stopping the server
[11:24:42] [Server thread/INFO]: Stopping server
[11:24:42] [Server thread/INFO]: Saving players
[11:24:42] [Server thread/INFO]: Saving worlds
[11:24:42] [Server thread/INFO]: Saving chunks for level 'ServerLevel[MOBA_Test_99887766-67b6de0290]'/minecraft:overworld
[11:24:42] [Server thread/INFO]: Saving chunks for level 'ServerLevel[MOBA_Test_99887766-67b6de0290]'/minecraft:the_nether
[11:24:42] [Server thread/INFO]: Saving chunks for level 'ServerLevel[MOBA_Test_99887766-67b6de0290]'/minecraft:the_end
[11:24:42] [Server thread/INFO]: ThreadedAnvilChunkStorage (world): All chunks are saved
[11:24:42] [Server thread/INFO]: ThreadedAnvilChunkStorage (DIM-1): All chunks are saved
[11:24:42] [Server thread/INFO]: ThreadedAnvilChunkStorage (DIM1): All chunks are saved
[11:24:42] [Server thread/INFO]: ThreadedAnvilChunkStorage: All dimensions are saved
