Starting org.bukkit.craftbukkit.Main
[16:19:16 INFO]: [bootstrap] Running Java 21 (OpenJDK 64-Bit Server VM 21.0.7+6-LTS; Microsoft Microsoft-11369939) on Mac OS X 15.7.4 (aarch64)
[16:19:17 INFO]: [bootstrap] Loading Paper 1.21.11-132-ver/1.21.11@c5eb079 (2026-05-11T11:43:09Z) for Minecraft 1.21.11
[16:19:17 INFO]: [PluginInitializerManager] Initializing plugins...
[16:19:17 INFO]: [PluginInitializerManager] Initialized 1 plugin
[16:19:17 INFO]: [PluginInitializerManager] Bukkit plugins (1):
 - MinecraftMoba (0.1.0)
[16:19:20 INFO]: Environment: Environment[sessionHost=https://sessionserver.mojang.com, servicesHost=https://api.minecraftservices.com, profilesHost=https://api.mojang.com, name=PROD]
[16:19:20 INFO]: Loaded 1470 recipes
[16:19:20 INFO]: Loaded 1584 advancements
[16:19:20 INFO]: [ca.spottedleaf.dataconverter.minecraft.datatypes.MCTypeRegistry] Initialising converters for DataConverter...
[16:19:21 INFO]: [ca.spottedleaf.dataconverter.minecraft.datatypes.MCTypeRegistry] Finished initialising converters for DataConverter in 192.3ms
[16:19:21 INFO]: Starting minecraft server version 1.21.11
[16:19:21 INFO]: Loading properties
[16:19:21 INFO]: This server is running Paper version 1.21.11-132-ver/1.21.11@c5eb079 (2026-05-11T11:43:09Z) (Implementing API version 1.21.11-R0.1-SNAPSHOT)
[16:19:21 INFO]: [spark] This server bundles the spark profiler. For more information please visit https://docs.papermc.io/paper/profiling
[16:19:21 INFO]: Server Ping Player Sample Count: 12
[16:19:21 INFO]: Using 4 threads for Netty based IO
[16:19:21 INFO]: [MoonriseCommon] Paper is using 2 worker threads, 1 I/O threads
[16:19:21 INFO]: Default game type: SURVIVAL
[16:19:21 INFO]: Generating keypair
>

[16:19:21 INFO]: Starting Minecraft server on 127.0.0.1:25639
>

[16:19:21 INFO]: Paper: Using libdeflate (macOS ARM64 / Apple Silicon) compression from Velocity.
>

[16:19:21 INFO]: Paper: Using native (macOS ARM64 / Apple Silicon) cipher from Velocity.
>

[16:19:21 INFO]: [MinecraftMoba] Loading server plugin MinecraftMoba v0.1.0
>

[16:19:21 INFO]: Server permissions file permissions.yml is empty, ignoring it
>

[16:19:21 WARN]: **** SERVER IS RUNNING IN OFFLINE/INSECURE MODE!
>

[16:19:21 WARN]: The server will make no attempt to authenticate usernames. Beware.
>

[16:19:21 WARN]: While this makes the game possible to play without internet access, it also opens up the ability for hackers to connect with any username they choose.
>

[16:19:21 WARN]: To change this, set "online-mode" to "true" in the server.properties file.
>

[16:19:21 INFO]: Preparing level "world"
>

[16:19:22 INFO]: Loading 0 persistent chunks for world 'minecraft:overworld'...
>

[16:19:22 INFO]: Prepared spawn area in 0 ms
>

[16:19:22 INFO]: Loading 0 persistent chunks for world 'minecraft:the_nether'...
>

[16:19:22 INFO]: Prepared spawn area in 0 ms
>

[16:19:22 INFO]: Loading 0 persistent chunks for world 'minecraft:the_end'...
>

[16:19:22 INFO]: Prepared spawn area in 0 ms
>

[16:19:22 INFO]: Done preparing level "world" (0.170s)
>

[16:19:22 INFO]: [MinecraftMoba] Enabling MinecraftMoba v0.1.0
>

[16:19:22 INFO]: Loading 0 persistent chunks for world 'minecraft:moba_lobby'...
>

[16:19:22 INFO]: Prepared spawn area in 0 ms
>

[16:19:22 WARN]: [MinecraftMoba] renewable source 'rabbit_2' references world 'nearmiss_match', which is not loaded; skipped for now
>

[16:19:22 WARN]: [MinecraftMoba] renewable source 'goat_3' references world 'nearmiss_match', which is not loaded; skipped for now
>

[16:19:22 WARN]: [MinecraftMoba] renewable source 'pig_4' references world 'nearmiss_match', which is not loaded; skipped for now
>

[16:19:22 WARN]: [MinecraftMoba] renewable source 'potatoes_5' references world 'nearmiss_match', which is not loaded; skipped for now
>

[16:19:22 WARN]: [MinecraftMoba] renewable source 'potatoes_7' references world 'nearmiss_match', which is not loaded; skipped for now
>

[16:19:22 WARN]: [MinecraftMoba] renewable source 'rabbit_11' references world 'nearmiss_match', which is not loaded; skipped for now
>

[16:19:22 WARN]: [MinecraftMoba] renewable source 'rabbit_19' references world 'nearmiss_match', which is not loaded; skipped for now
>

[16:19:22 WARN]: [MinecraftMoba] renewable source 'potatoes_23' references world 'nearmiss_match', which is not loaded; skipped for now
>

[16:19:22 WARN]: [MinecraftMoba] renewable source 'potatoes_25' references world 'nearmiss_match', which is not loaded; skipped for now
>

[16:19:22 WARN]: [MinecraftMoba] renewable source 'chicken_27' references world 'nearmiss_match', which is not loaded; skipped for now
>

[16:19:22 INFO]: [MinecraftMoba] Registered ability kits: [test]
>

[16:19:22 INFO]: [spark] Starting background profiler...
>

[16:19:23 INFO]: Running delayed init tasks
>

[16:19:23 INFO]: Done (6.913s)! For help, type "help"
> >

[16:19:23 INFO]: Loading 0 persistent chunks for world 'minecraft:nearmiss_match'...
>

[16:19:23 INFO]: Prepared spawn area in 0 ms
>

[16:19:23 WARN]: *************************************************************************************
>

[16:19:23 WARN]: You are running the latest build for your Minecraft version (1.21.11)
>

[16:19:23 WARN]: However, you are 4 release(s) behind the latest stable release (26.2)!
>

[16:19:23 WARN]: It is recommended that you update as soon as possible
>

[16:19:23 WARN]: https://papermc.io/downloads/paper
>

[16:19:23 WARN]: *************************************************************************************
>

[16:19:25 INFO]: [MinecraftMoba] applied map 'resource_light': 71148 blocks in 1523 ms
>

[16:19:25 INFO]: [MinecraftMoba] [match] bound 10 renewable source(s)
>

[16:19:25 INFO]: Alpha instance 'nearmiss_match' loaded. Homelands: [NORTH, SOUTH]. Add players, then /moba match start.
> >

[16:19:38 INFO]: MAPS enabled=true catalogue=1 applied=resource_light
>

[16:19:38 INFO]:   resource_light (71148 blocks, base 5729f939)  <- this match
> >

[16:19:39 INFO]: renewable sources=10 harvests=0 depletions=0 recoveries=0
>

[16:19:39 INFO]:   rabbit_2 kind=rabbit RECOVERING 6% capacity=6 Region[1 cell(s), 9409 columns]
>

[16:19:39 INFO]:   goat_3 kind=goat RECOVERING 6% capacity=6 Region[1 cell(s), 9409 columns]
>

[16:19:39 INFO]:   pig_4 kind=pig RECOVERING 6% capacity=6 Region[1 cell(s), 9409 columns]
>

[16:19:39 INFO]:   potatoes_5 kind=potatoes RECOVERING 6% capacity=24 Region[1 cell(s), 9409 columns]
>

[16:19:39 INFO]:   potatoes_7 kind=potatoes RECOVERING 6% capacity=24 Region[1 cell(s), 9409 columns]
>

[16:19:39 INFO]:   rabbit_11 kind=rabbit RECOVERING 6% capacity=6 Region[1 cell(s), 9409 columns]
>

[16:19:39 INFO]:   rabbit_19 kind=rabbit RECOVERING 6% capacity=6 Region[1 cell(s), 9409 columns]
>

[16:19:39 INFO]:   potatoes_23 kind=potatoes RECOVERING 6% capacity=24 Region[1 cell(s), 9409 columns]
>

[16:19:39 INFO]:   potatoes_25 kind=potatoes RECOVERING 6% capacity=24 Region[1 cell(s), 9409 columns]
>

[16:19:39 INFO]:   chicken_27 kind=chicken RECOVERING 6% capacity=6 Region[1 cell(s), 9409 columns]
> >

[16:19:40 INFO]: worksites=8 active=0
>

[16:19:40 INFO]:   {DORMANT=8, ACTIVATED=0, CAPITALIZED=0, EXPLOITED=0}
>

[16:19:41 INFO]: UUID of player NearPreflight is b0dfe7a5-0d9b-36d6-bf68-7ffe14a7ebc9
>

[16:19:42 WARN]: [MinecraftMoba] features.resourcePack.sha1 is missing or not a SHA-1; run implementation/resourcepack/publish.py to write it
>

[16:19:42 INFO]: NearPreflight joined the game
>

[16:19:42 INFO]: NearPreflight[/127.0.0.1:60569] logged in with entity id 79 at ([moba_lobby]0.5, 66.0, 0.5)
> >

[16:19:42 INFO]: Nothing changed. The player already is an operator
>

[16:19:43 INFO]: NearPreflight issued server command: /moba join
> >

[16:19:44 INFO]: NearPreflight joined north.
> >

[16:19:45 INFO]: [MinecraftMoba] [match] Match started. DAY 0:00 (day, phase 0)
>

[16:19:45 INFO]: Match started with 1 participant(s).
> >

[16:19:49 INFO]: NearPreflight died
>

[16:19:49 INFO]: Applied 100.0 damage to NearPreflight
> >

[16:19:50 INFO]: NearPreflight has the following entity data: 4.4444447f
> >

[16:19:51 INFO]: NearPreflight joined south.
>

[16:19:51 WARN]: NearPreflight moved too quickly! -384.0,-11.0,-320.0
> >

[16:19:55 INFO]: NearPreflight died
>

[16:19:55 INFO]: Applied 100.0 damage to NearPreflight
> >

[16:19:56 INFO]: NearPreflight has the following entity data: 4.4444447f
> >

[16:19:56 INFO]: state=RUNNING
>

[16:19:56 INFO]: clock=DAY 0:11 (day, phase 0) sunsets=0
>

[16:19:56 INFO]: world: template=/private/tmp/nearmiss-fixture-930010639/final/worlds/base-terrain (present) instance=nearmiss_match (loaded)
>

[16:19:56 INFO]: north: 0 living of 0, fountain active, homeland 1830,-244
>

[16:19:56 INFO]: south: 1 living of 1, fountain active, homeland 2214,76
> >

[16:19:57 INFO]: WORK enabled=true level=1 wp=0/300 to Lv2
>

[16:19:57 INFO]:   earned this match=0 WP (0.00 UAU)
>

[16:19:57 INFO]:   construction = 0
>

[16:19:57 INFO]:   extraction = 0
>

[16:19:57 INFO]:   exploration = 0
>

[16:19:57 INFO]:   production = 0
>

[16:19:57 INFO]:   development = 0
>

[16:19:57 INFO]:   logistics = 0
>

[16:19:57 INFO]:   combat = 0
>

[16:19:57 INFO]:   EXTRACTION 0 WP = A(O) 0 + qH 0  (harvest share 0%)
>

[16:19:57 INFO]:     0 opportunities, 0 harvested units
>

[16:19:57 INFO]:   PRODUCTION 0 WP
>

[16:19:57 INFO]:   CONSTRUCTION 0 WP from 0 first-time placements
>

[16:19:57 INFO]:   DEVELOPMENT 0 WP   EXPLORATION 0 WP
>

[16:19:57 INFO]:   TOTAL 0 WP
> >

[16:19:58 INFO]: [ChunkHolderManager] Waiting 60s for chunk system to halt for world 'nearmiss_match'
>

[16:19:58 INFO]: [ChunkHolderManager] Halted chunk system for world 'nearmiss_match'
>

[16:19:58 INFO]: [ChunkHolderManager] Waiting 60s for chunk I/O to halt for world 'nearmiss_match'
>

[16:19:58 INFO]: [ChunkHolderManager] Halted I/O scheduler for world 'nearmiss_match'
>

[16:19:59 INFO]: Loading 0 persistent chunks for world 'minecraft:nearmiss_match'...
>

[16:19:59 INFO]: Prepared spawn area in 5 ms
>

[16:19:59 INFO]: [MinecraftMoba] applied map 'resource_light': 71148 blocks in 663 ms
>

[16:19:59 INFO]: Match reset: world restored; cleared worksites, 10 renewable source(s), 0 route(s)/pending, 0 in infra mode, 0 capitalization(s).
> >

[16:20:13 INFO]: MAPS enabled=true catalogue=1 applied=resource_light
>

[16:20:13 INFO]:   resource_light (71148 blocks, base 5729f939)  <- this match
> >

[16:20:14 INFO]: renewable sources=10 harvests=0 depletions=0 recoveries=0
>

[16:20:14 INFO]:   rabbit_2 kind=rabbit RECOVERING 6% capacity=6 Region[1 cell(s), 9409 columns]
>

[16:20:14 INFO]:   goat_3 kind=goat RECOVERING 6% capacity=6 Region[1 cell(s), 9409 columns]
>

[16:20:14 INFO]:   pig_4 kind=pig RECOVERING 6% capacity=6 Region[1 cell(s), 9409 columns]
>

[16:20:14 INFO]:   potatoes_5 kind=potatoes RECOVERING 6% capacity=24 Region[1 cell(s), 9409 columns]
>

[16:20:14 INFO]:   potatoes_7 kind=potatoes RECOVERING 6% capacity=24 Region[1 cell(s), 9409 columns]
>

[16:20:14 INFO]:   rabbit_11 kind=rabbit RECOVERING 6% capacity=6 Region[1 cell(s), 9409 columns]
>

[16:20:14 INFO]:   rabbit_19 kind=rabbit RECOVERING 6% capacity=6 Region[1 cell(s), 9409 columns]
>

[16:20:14 INFO]:   potatoes_23 kind=potatoes RECOVERING 6% capacity=24 Region[1 cell(s), 9409 columns]
>

[16:20:14 INFO]:   potatoes_25 kind=potatoes RECOVERING 6% capacity=24 Region[1 cell(s), 9409 columns]
>

[16:20:14 INFO]:   chicken_27 kind=chicken RECOVERING 6% capacity=6 Region[1 cell(s), 9409 columns]
> >

[16:20:15 INFO]: Saving the game (this may take a moment!)
>

[16:20:16 INFO]: ThreadedAnvilChunkStorage (world): All chunks are saved
>

[16:20:16 INFO]: ThreadedAnvilChunkStorage (DIM-1): All chunks are saved
>

[16:20:16 INFO]: ThreadedAnvilChunkStorage (DIM1): All chunks are saved
>

[16:20:16 INFO]: ThreadedAnvilChunkStorage (moba_lobby): All chunks are saved
>

[16:20:16 INFO]: ThreadedAnvilChunkStorage (nearmiss_match): All chunks are saved
>

[16:20:16 INFO]: ThreadedAnvilChunkStorage: All dimensions are saved
>

[16:20:16 INFO]: Saved the game
> >

[16:20:18 INFO]: NearPreflight lost connection: Disconnected
>

[16:20:18 INFO]: NearPreflight left the game
>

[16:20:18 INFO]: Stopping the server
>

[16:20:19 INFO]: Stopping server
>

[16:20:19 INFO]: [MinecraftMoba] Disabling MinecraftMoba v0.1.0
>

[16:20:19 INFO]: Saving players
>

[16:20:19 INFO]: Saving worlds
>

[16:20:19 INFO]: Saving chunks for level 'ServerLevel[world]'/minecraft:overworld
>

[16:20:19 INFO]: [ChunkHolderManager] Waiting 60s for chunk system to halt for world 'world'
>

[16:20:19 INFO]: [ChunkHolderManager] Halted chunk system for world 'world'
>

[16:20:19 INFO]: [ChunkHolderManager] Saving all chunkholders for world 'world'
>

[16:20:19 INFO]: [ChunkHolderManager] Saved 0 block chunks, 0 entity chunks, 0 poi chunks in world 'world' in 0.00s
>

[16:20:19 INFO]: [ChunkHolderManager] Waiting 60s for chunk I/O to halt for world 'world'
>

[16:20:19 INFO]: [ChunkHolderManager] Halted I/O scheduler for world 'world'
>

[16:20:19 INFO]: Saving chunks for level 'ServerLevel[world_nether]'/minecraft:the_nether
>

[16:20:19 INFO]: [ChunkHolderManager] Waiting 60s for chunk system to halt for world 'world_nether'
>

[16:20:19 INFO]: [ChunkHolderManager] Halted chunk system for world 'world_nether'
>

[16:20:19 INFO]: [ChunkHolderManager] Saving all chunkholders for world 'world_nether'
>

[16:20:19 INFO]: [ChunkHolderManager] Saved 0 block chunks, 0 entity chunks, 0 poi chunks in world 'world_nether' in 0.00s
>

[16:20:19 INFO]: [ChunkHolderManager] Waiting 60s for chunk I/O to halt for world 'world_nether'
>

[16:20:19 INFO]: [ChunkHolderManager] Halted I/O scheduler for world 'world_nether'
>

[16:20:19 INFO]: Saving chunks for level 'ServerLevel[world_the_end]'/minecraft:the_end
>

[16:20:19 INFO]: [ChunkHolderManager] Waiting 60s for chunk system to halt for world 'world_the_end'
>

[16:20:19 INFO]: [ChunkHolderManager] Halted chunk system for world 'world_the_end'
>

[16:20:19 INFO]: [ChunkHolderManager] Saving all chunkholders for world 'world_the_end'
>

[16:20:19 INFO]: [ChunkHolderManager] Saved 0 block chunks, 0 entity chunks, 0 poi chunks in world 'world_the_end' in 0.00s
>

[16:20:19 INFO]: [ChunkHolderManager] Waiting 60s for chunk I/O to halt for world 'world_the_end'
>

[16:20:19 INFO]: [ChunkHolderManager] Halted I/O scheduler for world 'world_the_end'
>

[16:20:19 INFO]: Saving chunks for level 'ServerLevel[moba_lobby]'/minecraft:moba_lobby
>

[16:20:19 INFO]: [ChunkHolderManager] Waiting 60s for chunk system to halt for world 'moba_lobby'
>

[16:20:19 INFO]: [ChunkHolderManager] Halted chunk system for world 'moba_lobby'
>

[16:20:19 INFO]: [ChunkHolderManager] Saving all chunkholders for world 'moba_lobby'
>

[16:20:19 INFO]: [ChunkHolderManager] Saved 0 block chunks, 0 entity chunks, 0 poi chunks in world 'moba_lobby' in 0.00s
>

[16:20:19 INFO]: [ChunkHolderManager] Waiting 60s for chunk I/O to halt for world 'moba_lobby'
>

[16:20:19 INFO]: [ChunkHolderManager] Halted I/O scheduler for world 'moba_lobby'
>

[16:20:19 INFO]: Saving chunks for level 'ServerLevel[nearmiss_match]'/minecraft:nearmiss_match
>

[16:20:19 INFO]: [ChunkHolderManager] Waiting 60s for chunk system to halt for world 'nearmiss_match'
>

[16:20:19 INFO]: [ChunkHolderManager] Halted chunk system for world 'nearmiss_match'
>

[16:20:19 INFO]: [ChunkHolderManager] Saving all chunkholders for world 'nearmiss_match'
>

[16:20:19 INFO]: [ChunkHolderManager] Saved 0 block chunks, 0 entity chunks, 0 poi chunks in world 'nearmiss_match' in 0.00s
>

[16:20:19 INFO]: [ChunkHolderManager] Waiting 60s for chunk I/O to halt for world 'nearmiss_match'
>

[16:20:19 INFO]: [ChunkHolderManager] Halted I/O scheduler for world 'nearmiss_match'
>

[16:20:19 INFO]: ThreadedAnvilChunkStorage (world): All chunks are saved
>

[16:20:19 INFO]: ThreadedAnvilChunkStorage (DIM-1): All chunks are saved
>

[16:20:19 INFO]: ThreadedAnvilChunkStorage (DIM1): All chunks are saved
>

[16:20:19 INFO]: ThreadedAnvilChunkStorage (moba_lobby): All chunks are saved
>

[16:20:19 INFO]: ThreadedAnvilChunkStorage (nearmiss_match): All chunks are saved
>

[16:20:19 INFO]: ThreadedAnvilChunkStorage: All dimensions are saved
>

[16:20:19 INFO]: Waiting for all RegionFile I/O tasks to complete...
>

[16:20:19 INFO]: All RegionFile I/O tasks to complete
>

[16:20:19 INFO]: [MoonriseCommon] Awaiting termination of worker pool for up to 60s...
>

[16:20:19 INFO]: [MoonriseCommon] Awaiting termination of I/O pool for up to 60s...
>
