Unpacking 1.21.11/server-1.21.11.jar (versions:1.21.11) to versions/1.21.11/server-1.21.11.jar
Unpacking at/yawk/lz4/lz4-java/1.8.1/lz4-java-1.8.1.jar (libraries:at.yawk.lz4:lz4-java:1.8.1) to libraries/at/yawk/lz4/lz4-java/1.8.1/lz4-java-1.8.1.jar
Unpacking com/azure/azure-json/1.4.0/azure-json-1.4.0.jar (libraries:com.azure:azure-json:1.4.0) to libraries/com/azure/azure-json/1.4.0/azure-json-1.4.0.jar
Unpacking com/github/oshi/oshi-core/6.9.0/oshi-core-6.9.0.jar (libraries:com.github.oshi:oshi-core:6.9.0) to libraries/com/github/oshi/oshi-core/6.9.0/oshi-core-6.9.0.jar
Unpacking com/google/code/gson/gson/2.13.2/gson-2.13.2.jar (libraries:com.google.code.gson:gson:2.13.2) to libraries/com/google/code/gson/gson/2.13.2/gson-2.13.2.jar
Unpacking com/google/guava/failureaccess/1.0.3/failureaccess-1.0.3.jar (libraries:com.google.guava:failureaccess:1.0.3) to libraries/com/google/guava/failureaccess/1.0.3/failureaccess-1.0.3.jar
Unpacking com/google/guava/guava/33.5.0-jre/guava-33.5.0-jre.jar (libraries:com.google.guava:guava:33.5.0-jre) to libraries/com/google/guava/guava/33.5.0-jre/guava-33.5.0-jre.jar
Unpacking com/microsoft/azure/msal4j/1.23.1/msal4j-1.23.1.jar (libraries:com.microsoft.azure:msal4j:1.23.1) to libraries/com/microsoft/azure/msal4j/1.23.1/msal4j-1.23.1.jar
Unpacking com/mojang/authlib/7.0.61/authlib-7.0.61.jar (libraries:com.mojang:authlib:7.0.61) to libraries/com/mojang/authlib/7.0.61/authlib-7.0.61.jar
Unpacking com/mojang/brigadier/1.3.10/brigadier-1.3.10.jar (libraries:com.mojang:brigadier:1.3.10) to libraries/com/mojang/brigadier/1.3.10/brigadier-1.3.10.jar
Unpacking com/mojang/datafixerupper/9.0.19/datafixerupper-9.0.19.jar (libraries:com.mojang:datafixerupper:9.0.19) to libraries/com/mojang/datafixerupper/9.0.19/datafixerupper-9.0.19.jar
Unpacking com/mojang/jtracy/1.0.37/jtracy-1.0.37.jar (libraries:com.mojang:jtracy:1.0.37) to libraries/com/mojang/jtracy/1.0.37/jtracy-1.0.37.jar
Unpacking com/mojang/logging/1.6.11/logging-1.6.11.jar (libraries:com.mojang:logging:1.6.11) to libraries/com/mojang/logging/1.6.11/logging-1.6.11.jar
Unpacking commons-io/commons-io/2.20.0/commons-io-2.20.0.jar (libraries:commons-io:commons-io:2.20.0) to libraries/commons-io/commons-io/2.20.0/commons-io-2.20.0.jar
Unpacking io/netty/netty-buffer/4.2.7.Final/netty-buffer-4.2.7.Final.jar (libraries:io.netty:netty-buffer:4.2.7.Final) to libraries/io/netty/netty-buffer/4.2.7.Final/netty-buffer-4.2.7.Final.jar
Unpacking io/netty/netty-codec-base/4.2.7.Final/netty-codec-base-4.2.7.Final.jar (libraries:io.netty:netty-codec-base:4.2.7.Final) to libraries/io/netty/netty-codec-base/4.2.7.Final/netty-codec-base-4.2.7.Final.jar
Unpacking io/netty/netty-codec-compression/4.2.7.Final/netty-codec-compression-4.2.7.Final.jar (libraries:io.netty:netty-codec-compression:4.2.7.Final) to libraries/io/netty/netty-codec-compression/4.2.7.Final/netty-codec-compression-4.2.7.Final.jar
Unpacking io/netty/netty-codec-http/4.2.7.Final/netty-codec-http-4.2.7.Final.jar (libraries:io.netty:netty-codec-http:4.2.7.Final) to libraries/io/netty/netty-codec-http/4.2.7.Final/netty-codec-http-4.2.7.Final.jar
Unpacking io/netty/netty-common/4.2.7.Final/netty-common-4.2.7.Final.jar (libraries:io.netty:netty-common:4.2.7.Final) to libraries/io/netty/netty-common/4.2.7.Final/netty-common-4.2.7.Final.jar
Unpacking io/netty/netty-handler/4.2.7.Final/netty-handler-4.2.7.Final.jar (libraries:io.netty:netty-handler:4.2.7.Final) to libraries/io/netty/netty-handler/4.2.7.Final/netty-handler-4.2.7.Final.jar
Unpacking io/netty/netty-resolver/4.2.7.Final/netty-resolver-4.2.7.Final.jar (libraries:io.netty:netty-resolver:4.2.7.Final) to libraries/io/netty/netty-resolver/4.2.7.Final/netty-resolver-4.2.7.Final.jar
Unpacking io/netty/netty-transport/4.2.7.Final/netty-transport-4.2.7.Final.jar (libraries:io.netty:netty-transport:4.2.7.Final) to libraries/io/netty/netty-transport/4.2.7.Final/netty-transport-4.2.7.Final.jar
Unpacking io/netty/netty-transport-classes-epoll/4.2.7.Final/netty-transport-classes-epoll-4.2.7.Final.jar (libraries:io.netty:netty-transport-classes-epoll:4.2.7.Final) to libraries/io/netty/netty-transport-classes-epoll/4.2.7.Final/netty-transport-classes-epoll-4.2.7.Final.jar
Unpacking io/netty/netty-transport-classes-kqueue/4.2.7.Final/netty-transport-classes-kqueue-4.2.7.Final.jar (libraries:io.netty:netty-transport-classes-kqueue:4.2.7.Final) to libraries/io/netty/netty-transport-classes-kqueue/4.2.7.Final/netty-transport-classes-kqueue-4.2.7.Final.jar
Unpacking io/netty/netty-transport-native-epoll/4.2.7.Final/netty-transport-native-epoll-4.2.7.Final-linux-x86_64.jar (libraries:io.netty:netty-transport-native-epoll:4.2.7.Final:linux-x86_64) to libraries/io/netty/netty-transport-native-epoll/4.2.7.Final/netty-transport-native-epoll-4.2.7.Final-linux-x86_64.jar
Unpacking io/netty/netty-transport-native-epoll/4.2.7.Final/netty-transport-native-epoll-4.2.7.Final-linux-aarch_64.jar (libraries:io.netty:netty-transport-native-epoll:4.2.7.Final:linux-aarch_64) to libraries/io/netty/netty-transport-native-epoll/4.2.7.Final/netty-transport-native-epoll-4.2.7.Final-linux-aarch_64.jar
Unpacking io/netty/netty-transport-native-kqueue/4.2.7.Final/netty-transport-native-kqueue-4.2.7.Final-osx-x86_64.jar (libraries:io.netty:netty-transport-native-kqueue:4.2.7.Final:osx-x86_64) to libraries/io/netty/netty-transport-native-kqueue/4.2.7.Final/netty-transport-native-kqueue-4.2.7.Final-osx-x86_64.jar
Unpacking io/netty/netty-transport-native-kqueue/4.2.7.Final/netty-transport-native-kqueue-4.2.7.Final-osx-aarch_64.jar (libraries:io.netty:netty-transport-native-kqueue:4.2.7.Final:osx-aarch_64) to libraries/io/netty/netty-transport-native-kqueue/4.2.7.Final/netty-transport-native-kqueue-4.2.7.Final-osx-aarch_64.jar
Unpacking io/netty/netty-transport-native-unix-common/4.2.7.Final/netty-transport-native-unix-common-4.2.7.Final.jar (libraries:io.netty:netty-transport-native-unix-common:4.2.7.Final) to libraries/io/netty/netty-transport-native-unix-common/4.2.7.Final/netty-transport-native-unix-common-4.2.7.Final.jar
Unpacking it/unimi/dsi/fastutil/8.5.18/fastutil-8.5.18.jar (libraries:it.unimi.dsi:fastutil:8.5.18) to libraries/it/unimi/dsi/fastutil/8.5.18/fastutil-8.5.18.jar
Unpacking net/java/dev/jna/jna/5.17.0/jna-5.17.0.jar (libraries:net.java.dev.jna:jna:5.17.0) to libraries/net/java/dev/jna/jna/5.17.0/jna-5.17.0.jar
Unpacking net/java/dev/jna/jna-platform/5.17.0/jna-platform-5.17.0.jar (libraries:net.java.dev.jna:jna-platform:5.17.0) to libraries/net/java/dev/jna/jna-platform/5.17.0/jna-platform-5.17.0.jar
Unpacking net/sf/jopt-simple/jopt-simple/5.0.4/jopt-simple-5.0.4.jar (libraries:net.sf.jopt-simple:jopt-simple:5.0.4) to libraries/net/sf/jopt-simple/jopt-simple/5.0.4/jopt-simple-5.0.4.jar
Unpacking org/apache/commons/commons-lang3/3.19.0/commons-lang3-3.19.0.jar (libraries:org.apache.commons:commons-lang3:3.19.0) to libraries/org/apache/commons/commons-lang3/3.19.0/commons-lang3-3.19.0.jar
Unpacking org/apache/logging/log4j/log4j-api/2.25.2/log4j-api-2.25.2.jar (libraries:org.apache.logging.log4j:log4j-api:2.25.2) to libraries/org/apache/logging/log4j/log4j-api/2.25.2/log4j-api-2.25.2.jar
Unpacking org/apache/logging/log4j/log4j-core/2.25.2/log4j-core-2.25.2.jar (libraries:org.apache.logging.log4j:log4j-core:2.25.2) to libraries/org/apache/logging/log4j/log4j-core/2.25.2/log4j-core-2.25.2.jar
Unpacking org/apache/logging/log4j/log4j-slf4j2-impl/2.25.2/log4j-slf4j2-impl-2.25.2.jar (libraries:org.apache.logging.log4j:log4j-slf4j2-impl:2.25.2) to libraries/org/apache/logging/log4j/log4j-slf4j2-impl/2.25.2/log4j-slf4j2-impl-2.25.2.jar
Unpacking org/joml/joml/1.10.8/joml-1.10.8.jar (libraries:org.joml:joml:1.10.8) to libraries/org/joml/joml/1.10.8/joml-1.10.8.jar
Unpacking org/jspecify/jspecify/1.0.0/jspecify-1.0.0.jar (libraries:org.jspecify:jspecify:1.0.0) to libraries/org/jspecify/jspecify/1.0.0/jspecify-1.0.0.jar
Unpacking org/slf4j/slf4j-api/2.0.17/slf4j-api-2.0.17.jar (libraries:org.slf4j:slf4j-api:2.0.17) to libraries/org/slf4j/slf4j-api/2.0.17/slf4j-api-2.0.17.jar
Starting net.minecraft.server.Main
[22:40:33] [ServerMain/INFO]: Environment: Environment[sessionHost=https://sessionserver.mojang.com, servicesHost=https://api.minecraftservices.com, profilesHost=https://api.mojang.com, name=PROD]
[22:40:33] [ServerMain/INFO]: Loaded 1470 recipes
[22:40:33] [ServerMain/INFO]: Loaded 1584 advancements
[22:40:34] [Server thread/INFO]: Starting minecraft server version 1.21.11
[22:40:34] [Server thread/INFO]: Loading properties
[22:40:34] [Server thread/INFO]: Default game type: SURVIVAL
[22:40:34] [Server thread/INFO]: Generating keypair
[22:40:34] [Server thread/INFO]: Starting Minecraft server on 127.0.0.1:25599
[22:40:34] [Server thread/WARN]: **** SERVER IS RUNNING IN OFFLINE/INSECURE MODE!
[22:40:34] [Server thread/WARN]: The server will make no attempt to authenticate usernames. Beware.
[22:40:34] [Server thread/WARN]: While this makes the game possible to play without internet access, it also opens up the ability for hackers to connect with any username they choose.
[22:40:34] [Server thread/WARN]: To change this, set "online-mode" to "true" in the server.properties file.
[22:40:34] [Server thread/INFO]: Preparing level "world"
[22:40:34] [Server thread/INFO]: Loading 0 persistent chunks...
[22:40:34] [Server thread/INFO]: Time elapsed: 11 ms
[22:40:34] [Server thread/INFO]: Done (0.088s)! For help, type "help"
[22:40:34] [Server thread/INFO]: The game is frozen
[22:40:37] [Server thread/INFO]: HarvestNav[/127.0.0.1:51071] logged in with entity id 1 at (0.5, 65.0, 0.5)
[22:40:37] [Server thread/INFO]: HarvestNav joined the game
[22:40:39] [Server thread/INFO]: [HarvestNav: Set own game mode to Adventure Mode]
[22:40:39] [Server thread/INFO]: [HarvestNav: Running function harvest:hub]
[22:40:40] [Server thread/INFO]: [HarvestNav: Running function harvest:next]
[22:40:42] [Server thread/INFO]: [HarvestNav: Running function harvest:next]
[22:40:43] [Server thread/INFO]: [HarvestNav: Running function harvest:next]
[22:40:44] [Server thread/INFO]: [HarvestNav: Running function harvest:next]
[22:40:45] [Server thread/INFO]: [HarvestNav: Running function harvest:previous]
[22:40:46] [Server thread/INFO]: [HarvestNav: Running function harvest:visit/tv_49b22bb49e0684c3a1295570]
[22:40:48] [Server thread/INFO]: [HarvestNav: Running function harvest:overview/tv_49b22bb49e0684c3a1295570]
[22:40:49] [Server thread/INFO]: [HarvestNav: Running function harvest:visit/tv_49b22bb49e0684c3a1295570]
[22:40:50] [Server thread/INFO]: [HarvestNav: Running function harvest:visit/tv_51a79e3b1bee05ea7559e799]
[22:40:51] [Server thread/INFO]: [HarvestNav: Running function harvest:overview/tv_51a79e3b1bee05ea7559e799]
[22:40:52] [Server thread/INFO]: [HarvestNav: Running function harvest:visit/tv_51a79e3b1bee05ea7559e799]
[22:40:54] [Server thread/INFO]: [HarvestNav: Running function harvest:visit/tv_ef56852eda10acc88342e5ee]
[22:40:55] [Server thread/INFO]: [HarvestNav: Running function harvest:overview/tv_ef56852eda10acc88342e5ee]
[22:40:56] [Server thread/INFO]: [HarvestNav: Running function harvest:visit/tv_ef56852eda10acc88342e5ee]
[22:40:57] [Server thread/INFO]: [HarvestNav: Running function harvest:index]
[22:40:59] [Server thread/INFO]: HarvestNav lost connection: Disconnected
[22:40:59] [Server thread/INFO]: HarvestNav left the game
[22:40:59] [Server thread/INFO]: Stopping the server
[22:40:59] [Server thread/INFO]: Stopping server
[22:40:59] [Server thread/INFO]: Saving players
[22:40:59] [Server thread/INFO]: Saving worlds
[22:41:01] [Server thread/INFO]: Saving chunks for level 'ServerLevel[Terrain Harvest Gallery]'/minecraft:overworld
[22:41:01] [Server thread/INFO]: Saving chunks for level 'ServerLevel[Terrain Harvest Gallery]'/harvest:tv_ef56852eda10acc88342e5ee
[22:41:01] [Server thread/INFO]: Saving chunks for level 'ServerLevel[Terrain Harvest Gallery]'/minecraft:the_end
[22:41:01] [Server thread/INFO]: Saving chunks for level 'ServerLevel[Terrain Harvest Gallery]'/minecraft:the_nether
[22:41:01] [Server thread/INFO]: Saving chunks for level 'ServerLevel[Terrain Harvest Gallery]'/harvest:tv_49b22bb49e0684c3a1295570
[22:41:02] [Server thread/INFO]: Saving chunks for level 'ServerLevel[Terrain Harvest Gallery]'/harvest:tv_51a79e3b1bee05ea7559e799
[22:41:02] [Server thread/INFO]: ThreadedAnvilChunkStorage (world): All chunks are saved
[22:41:02] [Server thread/INFO]: ThreadedAnvilChunkStorage (tv_ef56852eda10acc88342e5ee): All chunks are saved
[22:41:02] [Server thread/INFO]: ThreadedAnvilChunkStorage (DIM1): All chunks are saved
[22:41:02] [Server thread/INFO]: ThreadedAnvilChunkStorage (DIM-1): All chunks are saved
[22:41:02] [Server thread/INFO]: ThreadedAnvilChunkStorage (tv_49b22bb49e0684c3a1295570): All chunks are saved
[22:41:02] [Server thread/INFO]: ThreadedAnvilChunkStorage (tv_51a79e3b1bee05ea7559e799): All chunks are saved
[22:41:02] [Server thread/INFO]: ThreadedAnvilChunkStorage: All dimensions are saved

----- node -----
OK   hub {"want":{"dimension":"minecraft:overworld","mode":"adventure","pos":[0.5,65,0.5]},"got":{"dimension":"minecraft:overworld","dimension_type":"harvest:inspection","mode":"adventure","pos":[0.5,65,0.5]}}
OK   next->0 {"want":{"dimension":"harvest:tv_49b22bb49e0684c3a1295570","mode":"adventure","pos":[1936.5,114,352.5]},"got":{"dimension":"harvest:tv_49b22bb49e0684c3a1295570","dimension_type":"harvest:inspection","mode":"adventure","pos":[1936.5,114,352.5]}}
OK   next->1 {"want":{"dimension":"harvest:tv_51a79e3b1bee05ea7559e799","mode":"adventure","pos":[2032.5,77,-15.5]},"got":{"dimension":"harvest:tv_51a79e3b1bee05ea7559e799","dimension_type":"harvest:inspection","mode":"adventure","pos":[2032.5,77,-15.5]}}
OK   next->2 {"want":{"dimension":"harvest:tv_ef56852eda10acc88342e5ee","mode":"adventure","pos":[-2055.5,65,-15.5]},"got":{"dimension":"harvest:tv_ef56852eda10acc88342e5ee","dimension_type":"harvest:inspection","mode":"adventure","pos":[-2055.5,65,-15.5]}}
OK   next->0 (wrapped) {"want":{"dimension":"harvest:tv_49b22bb49e0684c3a1295570","mode":"adventure","pos":[1936.5,114,352.5]},"got":{"dimension":"harvest:tv_49b22bb49e0684c3a1295570","dimension_type":"harvest:inspection","mode":"adventure","pos":[1936.5,114,352.5]}}
OK   previous wraps to last {"want":{"dimension":"harvest:tv_ef56852eda10acc88342e5ee","pos":[-2055.5,65,-15.5]},"got":{"dimension":"harvest:tv_ef56852eda10acc88342e5ee","dimension_type":"harvest:inspection","mode":"adventure","pos":[-2055.5,65,-15.5]}}
OK   visit tv_49b22bb49e0684c3a1295570 {"want":{"dimension":"harvest:tv_49b22bb49e0684c3a1295570","mode":"adventure","pos":[1936.5,114,352.5]},"got":{"dimension":"harvest:tv_49b22bb49e0684c3a1295570","dimension_type":"harvest:inspection","mode":"adventure","pos":[1936.5,114,352.5]}}
OK   overview tv_49b22bb49e0684c3a1295570 is spectator {"want":{"dimension":"harvest:tv_49b22bb49e0684c3a1295570","mode":"spectator"},"got":{"dimension":"harvest:tv_49b22bb49e0684c3a1295570","dimension_type":"harvest:inspection","mode":"spectator","pos":[1896.5,305.9366549461529,320.5]}}
OK   visit restores adventure after overview tv_49b22bb49e0684c3a1295570 {"want":{"dimension":"harvest:tv_49b22bb49e0684c3a1295570","mode":"adventure","pos":[1936.5,114,352.5]},"got":{"dimension":"harvest:tv_49b22bb49e0684c3a1295570","dimension_type":"harvest:inspection","mode":"adventure","pos":[1936.5,114,352.5]}}
OK   visit tv_51a79e3b1bee05ea7559e799 {"want":{"dimension":"harvest:tv_51a79e3b1bee05ea7559e799","mode":"adventure","pos":[2032.5,77,-15.5]},"got":{"dimension":"harvest:tv_51a79e3b1bee05ea7559e799","dimension_type":"harvest:inspection","mode":"adventure","pos":[2032.5,77,-15.5]}}
OK   overview tv_51a79e3b1bee05ea7559e799 is spectator {"want":{"dimension":"harvest:tv_51a79e3b1bee05ea7559e799","mode":"spectator"},"got":{"dimension":"harvest:tv_51a79e3b1bee05ea7559e799","dimension_type":"harvest:inspection","mode":"spectator","pos":[1604.5,309.5358406250445,-539.5]}}
OK   visit restores adventure after overview tv_51a79e3b1bee05ea7559e799 {"want":{"dimension":"harvest:tv_51a79e3b1bee05ea7559e799","mode":"adventure","pos":[2032.5,77,-15.5]},"got":{"dimension":"harvest:tv_51a79e3b1bee05ea7559e799","dimension_type":"harvest:inspection","mode":"adventure","pos":[2032.5,77,-15.5]}}
OK   visit tv_ef56852eda10acc88342e5ee {"want":{"dimension":"harvest:tv_ef56852eda10acc88342e5ee","mode":"adventure","pos":[-2055.5,65,-15.5]},"got":{"dimension":"harvest:tv_ef56852eda10acc88342e5ee","dimension_type":"harvest:inspection","mode":"adventure","pos":[-2055.5,65,-15.5]}}
OK   overview tv_ef56852eda10acc88342e5ee is spectator {"want":{"dimension":"harvest:tv_ef56852eda10acc88342e5ee","mode":"spectator"},"got":{"dimension":"harvest:tv_ef56852eda10acc88342e5ee","dimension_type":"harvest:inspection","mode":"spectator","pos":[-2491.5,309.5358406250445,-539.5]}}
OK   visit restores adventure after overview tv_ef56852eda10acc88342e5ee {"want":{"dimension":"harvest:tv_ef56852eda10acc88342e5ee","mode":"adventure","pos":[-2055.5,65,-15.5]},"got":{"dimension":"harvest:tv_ef56852eda10acc88342e5ee","dimension_type":"harvest:inspection","mode":"adventure","pos":[-2055.5,65,-15.5]}}
OK   dimension type is shared across volumes {"dimension_type":"harvest:inspection"}
OK   index lists tv_49b22bb49e0684c3a1295570 {"found":true}
OK   index lists tv_51a79e3b1bee05ea7559e799 {"found":true}
OK   index lists tv_ef56852eda10acc88342e5ee {"found":true}
