Unpacking 1.21.11/server-1.21.11.jar (versions:1.21.11) to versions/1.21.11/server-1.21.11.jar
Unpacking at/yawk/lz4/lz4-java/1.8.1/lz4-java-1.8.1.jar (libraries:at.yawk.lz4:lz4-java:1.8.1) to libraries/at/yawk/lz4/lz4-java/1.8.1/lz4-java-1.8.1.jar
Unpacking com/azure/azure-json/1.4.0/azure-json-1.4.0.jar (libraries:com.azure:azure-json:1.4.0) to libraries/com/azure/azure-json/1.4.0/azure-json-1.4.0.jar
Unpacking com/github/oshi/oshi-core/6.9.0/oshi-core-6.9.0.jar (libraries:com.github.oshi:oshi-core:6.9.0) to libraries/com/github/oshi/oshi-core/6.9.0/oshi-core-6.9.0.jar
Unpacking com/google/code/gson/gson/2.13.2/gson-2.13.2.jar (libraries:com.google.code.gson:gson:2.13.2) to libraries/com/google/code/gson/gson/2.13.2/gson-2.13.2.jar
Unpacking com/google/guava/failureaccess/1.0.3/failureaccess-1.0.3.jar (libraries:com.google.guava:failureaccess:1.0.3) to libraries/com/google/guava/failureaccess/1.0.3/failureaccess-1.0.3.jar
Unpacking com/google/guava/guava/33.5.0-jre/guava-33.5.0-jre.jar (libraries:com.google.guava:guava:33.5.0-jre) to libraries/com/google/guava/guava/33.5.0-jre/guava-33.5.0-jre.jar
Unpacking com/microsoft/azure/msal4j/1.23.1/msal4j-1.23.1.jar (libraries:com.microsoft.azure:msal4j:1.23.1) to libraries/com/microsoft/azure/msal4j/1.23.1/msal4j-1.23.1.jar
Unpacking com/mojang/authlib/7.0.61/authlib-7.0.61.jar (libraries:com.mojang:authlib:7.0.61) to libraries/com/mojang/authlib/7.0.61/authlib-7.0.61.jar
Unpacking com/mojang/brigadier/1.3.10/brigadier-1.3.10.jar (libraries:com.mojang:brigadier:1.3.10) to libraries/com/mojang/brigadier/1.3.10/brigadier-1.3.10.jar
Unpacking com/mojang/datafixerupper/9.0.19/datafixerupper-9.0.19.jar (libraries:com.mojang:datafixerupper:9.0.19) to libraries/com/mojang/datafixerupper/9.0.19/datafixerupper-9.0.19.jar
Unpacking com/mojang/jtracy/1.0.37/jtracy-1.0.37.jar (libraries:com.mojang:jtracy:1.0.37) to libraries/com/mojang/jtracy/1.0.37/jtracy-1.0.37.jar
Unpacking com/mojang/logging/1.6.11/logging-1.6.11.jar (libraries:com.mojang:logging:1.6.11) to libraries/com/mojang/logging/1.6.11/logging-1.6.11.jar
Unpacking commons-io/commons-io/2.20.0/commons-io-2.20.0.jar (libraries:commons-io:commons-io:2.20.0) to libraries/commons-io/commons-io/2.20.0/commons-io-2.20.0.jar
Unpacking io/netty/netty-buffer/4.2.7.Final/netty-buffer-4.2.7.Final.jar (libraries:io.netty:netty-buffer:4.2.7.Final) to libraries/io/netty/netty-buffer/4.2.7.Final/netty-buffer-4.2.7.Final.jar
Unpacking io/netty/netty-codec-base/4.2.7.Final/netty-codec-base-4.2.7.Final.jar (libraries:io.netty:netty-codec-base:4.2.7.Final) to libraries/io/netty/netty-codec-base/4.2.7.Final/netty-codec-base-4.2.7.Final.jar
Unpacking io/netty/netty-codec-compression/4.2.7.Final/netty-codec-compression-4.2.7.Final.jar (libraries:io.netty:netty-codec-compression:4.2.7.Final) to libraries/io/netty/netty-codec-compression/4.2.7.Final/netty-codec-compression-4.2.7.Final.jar
Unpacking io/netty/netty-codec-http/4.2.7.Final/netty-codec-http-4.2.7.Final.jar (libraries:io.netty:netty-codec-http:4.2.7.Final) to libraries/io/netty/netty-codec-http/4.2.7.Final/netty-codec-http-4.2.7.Final.jar
Unpacking io/netty/netty-common/4.2.7.Final/netty-common-4.2.7.Final.jar (libraries:io.netty:netty-common:4.2.7.Final) to libraries/io/netty/netty-common/4.2.7.Final/netty-common-4.2.7.Final.jar
Unpacking io/netty/netty-handler/4.2.7.Final/netty-handler-4.2.7.Final.jar (libraries:io.netty:netty-handler:4.2.7.Final) to libraries/io/netty/netty-handler/4.2.7.Final/netty-handler-4.2.7.Final.jar
Unpacking io/netty/netty-resolver/4.2.7.Final/netty-resolver-4.2.7.Final.jar (libraries:io.netty:netty-resolver:4.2.7.Final) to libraries/io/netty/netty-resolver/4.2.7.Final/netty-resolver-4.2.7.Final.jar
Unpacking io/netty/netty-transport/4.2.7.Final/netty-transport-4.2.7.Final.jar (libraries:io.netty:netty-transport:4.2.7.Final) to libraries/io/netty/netty-transport/4.2.7.Final/netty-transport-4.2.7.Final.jar
Unpacking io/netty/netty-transport-classes-epoll/4.2.7.Final/netty-transport-classes-epoll-4.2.7.Final.jar (libraries:io.netty:netty-transport-classes-epoll:4.2.7.Final) to libraries/io/netty/netty-transport-classes-epoll/4.2.7.Final/netty-transport-classes-epoll-4.2.7.Final.jar
Unpacking io/netty/netty-transport-classes-kqueue/4.2.7.Final/netty-transport-classes-kqueue-4.2.7.Final.jar (libraries:io.netty:netty-transport-classes-kqueue:4.2.7.Final) to libraries/io/netty/netty-transport-classes-kqueue/4.2.7.Final/netty-transport-classes-kqueue-4.2.7.Final.jar
Unpacking io/netty/netty-transport-native-epoll/4.2.7.Final/netty-transport-native-epoll-4.2.7.Final-linux-x86_64.jar (libraries:io.netty:netty-transport-native-epoll:4.2.7.Final:linux-x86_64) to libraries/io/netty/netty-transport-native-epoll/4.2.7.Final/netty-transport-native-epoll-4.2.7.Final-linux-x86_64.jar
Unpacking io/netty/netty-transport-native-epoll/4.2.7.Final/netty-transport-native-epoll-4.2.7.Final-linux-aarch_64.jar (libraries:io.netty:netty-transport-native-epoll:4.2.7.Final:linux-aarch_64) to libraries/io/netty/netty-transport-native-epoll/4.2.7.Final/netty-transport-native-epoll-4.2.7.Final-linux-aarch_64.jar
Unpacking io/netty/netty-transport-native-kqueue/4.2.7.Final/netty-transport-native-kqueue-4.2.7.Final-osx-x86_64.jar (libraries:io.netty:netty-transport-native-kqueue:4.2.7.Final:osx-x86_64) to libraries/io/netty/netty-transport-native-kqueue/4.2.7.Final/netty-transport-native-kqueue-4.2.7.Final-osx-x86_64.jar
Unpacking io/netty/netty-transport-native-kqueue/4.2.7.Final/netty-transport-native-kqueue-4.2.7.Final-osx-aarch_64.jar (libraries:io.netty:netty-transport-native-kqueue:4.2.7.Final:osx-aarch_64) to libraries/io/netty/netty-transport-native-kqueue/4.2.7.Final/netty-transport-native-kqueue-4.2.7.Final-osx-aarch_64.jar
Unpacking io/netty/netty-transport-native-unix-common/4.2.7.Final/netty-transport-native-unix-common-4.2.7.Final.jar (libraries:io.netty:netty-transport-native-unix-common:4.2.7.Final) to libraries/io/netty/netty-transport-native-unix-common/4.2.7.Final/netty-transport-native-unix-common-4.2.7.Final.jar
Unpacking it/unimi/dsi/fastutil/8.5.18/fastutil-8.5.18.jar (libraries:it.unimi.dsi:fastutil:8.5.18) to libraries/it/unimi/dsi/fastutil/8.5.18/fastutil-8.5.18.jar
Unpacking net/java/dev/jna/jna/5.17.0/jna-5.17.0.jar (libraries:net.java.dev.jna:jna:5.17.0) to libraries/net/java/dev/jna/jna/5.17.0/jna-5.17.0.jar
Unpacking net/java/dev/jna/jna-platform/5.17.0/jna-platform-5.17.0.jar (libraries:net.java.dev.jna:jna-platform:5.17.0) to libraries/net/java/dev/jna/jna-platform/5.17.0/jna-platform-5.17.0.jar
Unpacking net/sf/jopt-simple/jopt-simple/5.0.4/jopt-simple-5.0.4.jar (libraries:net.sf.jopt-simple:jopt-simple:5.0.4) to libraries/net/sf/jopt-simple/jopt-simple/5.0.4/jopt-simple-5.0.4.jar
Unpacking org/apache/commons/commons-lang3/3.19.0/commons-lang3-3.19.0.jar (libraries:org.apache.commons:commons-lang3:3.19.0) to libraries/org/apache/commons/commons-lang3/3.19.0/commons-lang3-3.19.0.jar
Unpacking org/apache/logging/log4j/log4j-api/2.25.2/log4j-api-2.25.2.jar (libraries:org.apache.logging.log4j:log4j-api:2.25.2) to libraries/org/apache/logging/log4j/log4j-api/2.25.2/log4j-api-2.25.2.jar
Unpacking org/apache/logging/log4j/log4j-core/2.25.2/log4j-core-2.25.2.jar (libraries:org.apache.logging.log4j:log4j-core:2.25.2) to libraries/org/apache/logging/log4j/log4j-core/2.25.2/log4j-core-2.25.2.jar
Unpacking org/apache/logging/log4j/log4j-slf4j2-impl/2.25.2/log4j-slf4j2-impl-2.25.2.jar (libraries:org.apache.logging.log4j:log4j-slf4j2-impl:2.25.2) to libraries/org/apache/logging/log4j/log4j-slf4j2-impl/2.25.2/log4j-slf4j2-impl-2.25.2.jar
Unpacking org/joml/joml/1.10.8/joml-1.10.8.jar (libraries:org.joml:joml:1.10.8) to libraries/org/joml/joml/1.10.8/joml-1.10.8.jar
Unpacking org/jspecify/jspecify/1.0.0/jspecify-1.0.0.jar (libraries:org.jspecify:jspecify:1.0.0) to libraries/org/jspecify/jspecify/1.0.0/jspecify-1.0.0.jar
Unpacking org/slf4j/slf4j-api/2.0.17/slf4j-api-2.0.17.jar (libraries:org.slf4j:slf4j-api:2.0.17) to libraries/org/slf4j/slf4j-api/2.0.17/slf4j-api-2.0.17.jar
Starting net.minecraft.server.Main
[00:30:34] [ServerMain/INFO]: Environment: Environment[sessionHost=https://sessionserver.mojang.com, servicesHost=https://api.minecraftservices.com, profilesHost=https://api.mojang.com, name=PROD]
[00:30:34] [ServerMain/INFO]: Loaded 1470 recipes
[00:30:34] [ServerMain/INFO]: Loaded 1584 advancements
[00:30:34] [Server thread/INFO]: Starting minecraft server version 1.21.11
[00:30:34] [Server thread/INFO]: Loading properties
[00:30:34] [Server thread/INFO]: Default game type: SURVIVAL
[00:30:34] [Server thread/INFO]: Generating keypair
[00:30:34] [Server thread/INFO]: Starting Minecraft server on 127.0.0.1:25601
[00:30:35] [Server thread/WARN]: **** SERVER IS RUNNING IN OFFLINE/INSECURE MODE!
[00:30:35] [Server thread/WARN]: The server will make no attempt to authenticate usernames. Beware.
[00:30:35] [Server thread/WARN]: While this makes the game possible to play without internet access, it also opens up the ability for hackers to connect with any username they choose.
[00:30:35] [Server thread/WARN]: To change this, set "online-mode" to "true" in the server.properties file.
[00:30:35] [Server thread/INFO]: Preparing level "world"
[00:30:35] [Server thread/INFO]: Loading 0 persistent chunks...
[00:30:35] [Server thread/INFO]: Preparing spawn area: 100%
[00:30:35] [Server thread/INFO]: Time elapsed: 13 ms
[00:30:35] [Server thread/INFO]: Done (0.070s)! For help, type "help"
[00:30:35] [Server thread/INFO]: The game is frozen
[00:30:35] [Server thread/INFO]: Marked chunk [0, 0] in minecraft:overworld to be force loaded
[00:30:35] [Server thread/INFO]: [Not Secure] [Server] RELOC_OK_0
[00:30:35] [Server thread/INFO]: Marked chunk [62, 0] in minecraft:overworld to be force loaded
[00:30:35] [Server thread/INFO]: [Not Secure] [Server] RELOC_OK_1
[00:30:35] [Server thread/INFO]: No chunks were marked for force loading
[00:30:35] [Server thread/INFO]: [Not Secure] [Server] RELOC_OK_2
[00:30:35] [Server thread/INFO]: No chunks were marked for force loading
[00:30:35] [Server thread/INFO]: [Not Secure] [Server] RELOC_OK_3
[00:30:35] [Server thread/INFO]: No chunks were marked for force loading
[00:30:35] [Server thread/INFO]: [Not Secure] [Server] RELOC_OK_4
[00:30:35] [Server thread/INFO]: No chunks were marked for force loading
[00:30:35] [Server thread/INFO]: [Not Secure] [Server] RELOC_OK_5
[00:30:35] [Server thread/INFO]: No chunks were marked for force loading
[00:30:35] [Server thread/INFO]: [Not Secure] [Server] RELOC_OK_6
[00:30:35] [Server thread/INFO]: No chunks were marked for force loading
[00:30:35] [Server thread/INFO]: [Not Secure] [Server] RELOC_OK_7
[00:30:35] [Server thread/INFO]: No chunks were marked for force loading
[00:30:35] [Server thread/INFO]: [Not Secure] [Server] RELOC_OK_8
[00:30:35] [Server thread/INFO]: No chunks were marked for force loading
[00:30:35] [Server thread/INFO]: [Not Secure] [Server] RELOC_OK_9
[00:30:35] [Server thread/INFO]: Marked chunk [1, 0] in minecraft:overworld to be force loaded
[00:30:35] [Server thread/INFO]: [Not Secure] [Server] RELOC_OK_10
[00:30:35] [Server thread/INFO]: Marked chunk [62, 1] in minecraft:overworld to be force loaded
[00:30:35] [Server thread/INFO]: [Not Secure] [Server] RELOC_OK_11
[00:30:35] [Server thread/INFO]: No chunks were marked for force loading
[00:30:35] [Server thread/INFO]: [Not Secure] [Server] RELOC_OK_12
[00:30:35] [Server thread/INFO]: No chunks were marked for force loading
[00:30:35] [Server thread/INFO]: [Not Secure] [Server] RELOC_OK_13
[00:30:35] [Server thread/INFO]: No chunks were marked for force loading
[00:30:35] [Server thread/INFO]: [Not Secure] [Server] RELOC_OK_14
[00:30:35] [Server thread/INFO]: No chunks were marked for force loading
[00:30:35] [Server thread/INFO]: [Not Secure] [Server] RELOC_OK_15
[00:30:35] [Server thread/INFO]: No chunks were marked for force loading
[00:30:35] [Server thread/INFO]: [Not Secure] [Server] RELOC_OK_16
[00:30:35] [Server thread/INFO]: No chunks were marked for force loading
[00:30:35] [Server thread/INFO]: [Not Secure] [Server] RELOC_OK_17
[00:30:35] [Server thread/INFO]: No chunks were marked for force loading
[00:30:35] [Server thread/INFO]: [Not Secure] [Server] RELOC_OK_18
[00:30:35] [Server thread/INFO]: No chunks were marked for force loading
[00:30:35] [Server thread/INFO]: [Not Secure] [Server] RELOC_OK_19
[00:30:35] [Server thread/INFO]: No chunks were marked for force loading
[00:30:35] [Server thread/INFO]: [Not Secure] [Server] RELOC_OK_20
[00:30:35] [Server thread/INFO]: No chunks were marked for force loading
[00:30:35] [Server thread/INFO]: [Not Secure] [Server] RELOC_OK_21
[00:30:35] [Server thread/INFO]: No chunks were marked for force loading
[00:30:35] [Server thread/INFO]: [Not Secure] [Server] RELOC_OK_22
[00:30:35] [Server thread/INFO]: No chunks were marked for force loading
[00:30:35] [Server thread/INFO]: [Not Secure] [Server] RELOC_OK_23
[00:30:35] [Server thread/INFO]: No chunks were marked for force loading
[00:30:35] [Server thread/INFO]: [Not Secure] [Server] RELOC_OK_24
[00:30:35] [Server thread/INFO]: No chunks were marked for force loading
[00:30:35] [Server thread/INFO]: [Not Secure] [Server] RELOC_OK_25
[00:30:35] [Server thread/INFO]: No chunks were marked for force loading
[00:30:35] [Server thread/INFO]: [Not Secure] [Server] RELOC_OK_26
[00:30:35] [Server thread/INFO]: No chunks were marked for force loading
[00:30:35] [Server thread/INFO]: [Not Secure] [Server] RELOC_OK_27
[00:30:35] [Server thread/INFO]: No chunks were marked for force loading
[00:30:35] [Server thread/INFO]: [Not Secure] [Server] RELOC_OK_28
[00:30:35] [Server thread/INFO]: No chunks were marked for force loading
[00:30:35] [Server thread/INFO]: [Not Secure] [Server] RELOC_OK_29
[00:30:35] [Server thread/INFO]: No chunks were marked for force loading
[00:30:35] [Server thread/INFO]: [Not Secure] [Server] RELOC_OK_30
[00:30:35] [Server thread/INFO]: No chunks were marked for force loading
[00:30:35] [Server thread/INFO]: [Not Secure] [Server] RELOC_OK_31
[00:30:35] [Server thread/INFO]: Saving the game (this may take a moment!)
[00:30:35] [Server thread/INFO]: ThreadedAnvilChunkStorage (world): All chunks are saved
[00:30:35] [Server thread/INFO]: ThreadedAnvilChunkStorage (DIM1): All chunks are saved
[00:30:35] [Server thread/INFO]: ThreadedAnvilChunkStorage (DIM-1): All chunks are saved
[00:30:35] [Server thread/INFO]: ThreadedAnvilChunkStorage: All dimensions are saved
[00:30:35] [Server thread/INFO]: Saved the game
[00:30:35] [Server thread/INFO]: Stopping the server
[00:30:35] [Server thread/INFO]: Stopping server
[00:30:35] [Server thread/INFO]: Saving players
[00:30:35] [Server thread/INFO]: Saving worlds
[00:30:36] [Server thread/INFO]: Saving chunks for level 'ServerLevel[Relocation Probe]'/minecraft:overworld
[00:30:36] [Server thread/INFO]: Saving chunks for level 'ServerLevel[Relocation Probe]'/minecraft:the_end
[00:30:36] [Server thread/INFO]: Saving chunks for level 'ServerLevel[Relocation Probe]'/minecraft:the_nether
[00:30:36] [Server thread/INFO]: ThreadedAnvilChunkStorage (world): All chunks are saved
[00:30:36] [Server thread/INFO]: ThreadedAnvilChunkStorage (DIM1): All chunks are saved
[00:30:36] [Server thread/INFO]: ThreadedAnvilChunkStorage (DIM-1): All chunks are saved
[00:30:36] [Server thread/INFO]: ThreadedAnvilChunkStorage: All dimensions are saved
