Unpacking 1.21.11/server-1.21.11.jar (versions:1.21.11) to versions/1.21.11/server-1.21.11.jar
Unpacking at/yawk/lz4/lz4-java/1.8.1/lz4-java-1.8.1.jar (libraries:at.yawk.lz4:lz4-java:1.8.1) to libraries/at/yawk/lz4/lz4-java/1.8.1/lz4-java-1.8.1.jar
Unpacking com/azure/azure-json/1.4.0/azure-json-1.4.0.jar (libraries:com.azure:azure-json:1.4.0) to libraries/com/azure/azure-json/1.4.0/azure-json-1.4.0.jar
Unpacking com/github/oshi/oshi-core/6.9.0/oshi-core-6.9.0.jar (libraries:com.github.oshi:oshi-core:6.9.0) to libraries/com/github/oshi/oshi-core/6.9.0/oshi-core-6.9.0.jar
Unpacking com/google/code/gson/gson/2.13.2/gson-2.13.2.jar (libraries:com.google.code.gson:gson:2.13.2) to libraries/com/google/code/gson/gson/2.13.2/gson-2.13.2.jar
Unpacking com/google/guava/failureaccess/1.0.3/failureaccess-1.0.3.jar (libraries:com.google.guava:failureaccess:1.0.3) to libraries/com/google/guava/failureaccess/1.0.3/failureaccess-1.0.3.jar
Unpacking com/google/guava/guava/33.5.0-jre/guava-33.5.0-jre.jar (libraries:com.google.guava:guava:33.5.0-jre) to libraries/com/google/guava/guava/33.5.0-jre/guava-33.5.0-jre.jar
Unpacking com/microsoft/azure/msal4j/1.23.1/msal4j-1.23.1.jar (libraries:com.microsoft.azure:msal4j:1.23.1) to libraries/com/microsoft/azure/msal4j/1.23.1/msal4j-1.23.1.jar
Unpacking com/mojang/authlib/7.0.61/authlib-7.0.61.jar (libraries:com.mojang:authlib:7.0.61) to libraries/com/mojang/authlib/7.0.61/authlib-7.0.61.jar
Unpacking com/mojang/brigadier/1.3.10/brigadier-1.3.10.jar (libraries:com.mojang:brigadier:1.3.10) to libraries/com/mojang/brigadier/1.3.10/brigadier-1.3.10.jar
Unpacking com/mojang/datafixerupper/9.0.19/datafixerupper-9.0.19.jar (libraries:com.mojang:datafixerupper:9.0.19) to libraries/com/mojang/datafixerupper/9.0.19/datafixerupper-9.0.19.jar
Unpacking com/mojang/jtracy/1.0.37/jtracy-1.0.37.jar (libraries:com.mojang:jtracy:1.0.37) to libraries/com/mojang/jtracy/1.0.37/jtracy-1.0.37.jar
Unpacking com/mojang/logging/1.6.11/logging-1.6.11.jar (libraries:com.mojang:logging:1.6.11) to libraries/com/mojang/logging/1.6.11/logging-1.6.11.jar
Unpacking commons-io/commons-io/2.20.0/commons-io-2.20.0.jar (libraries:commons-io:commons-io:2.20.0) to libraries/commons-io/commons-io/2.20.0/commons-io-2.20.0.jar
Unpacking io/netty/netty-buffer/4.2.7.Final/netty-buffer-4.2.7.Final.jar (libraries:io.netty:netty-buffer:4.2.7.Final) to libraries/io/netty/netty-buffer/4.2.7.Final/netty-buffer-4.2.7.Final.jar
Unpacking io/netty/netty-codec-base/4.2.7.Final/netty-codec-base-4.2.7.Final.jar (libraries:io.netty:netty-codec-base:4.2.7.Final) to libraries/io/netty/netty-codec-base/4.2.7.Final/netty-codec-base-4.2.7.Final.jar
Unpacking io/netty/netty-codec-compression/4.2.7.Final/netty-codec-compression-4.2.7.Final.jar (libraries:io.netty:netty-codec-compression:4.2.7.Final) to libraries/io/netty/netty-codec-compression/4.2.7.Final/netty-codec-compression-4.2.7.Final.jar
Unpacking io/netty/netty-codec-http/4.2.7.Final/netty-codec-http-4.2.7.Final.jar (libraries:io.netty:netty-codec-http:4.2.7.Final) to libraries/io/netty/netty-codec-http/4.2.7.Final/netty-codec-http-4.2.7.Final.jar
Unpacking io/netty/netty-common/4.2.7.Final/netty-common-4.2.7.Final.jar (libraries:io.netty:netty-common:4.2.7.Final) to libraries/io/netty/netty-common/4.2.7.Final/netty-common-4.2.7.Final.jar
Unpacking io/netty/netty-handler/4.2.7.Final/netty-handler-4.2.7.Final.jar (libraries:io.netty:netty-handler:4.2.7.Final) to libraries/io/netty/netty-handler/4.2.7.Final/netty-handler-4.2.7.Final.jar
Unpacking io/netty/netty-resolver/4.2.7.Final/netty-resolver-4.2.7.Final.jar (libraries:io.netty:netty-resolver:4.2.7.Final) to libraries/io/netty/netty-resolver/4.2.7.Final/netty-resolver-4.2.7.Final.jar
Unpacking io/netty/netty-transport/4.2.7.Final/netty-transport-4.2.7.Final.jar (libraries:io.netty:netty-transport:4.2.7.Final) to libraries/io/netty/netty-transport/4.2.7.Final/netty-transport-4.2.7.Final.jar
Unpacking io/netty/netty-transport-classes-epoll/4.2.7.Final/netty-transport-classes-epoll-4.2.7.Final.jar (libraries:io.netty:netty-transport-classes-epoll:4.2.7.Final) to libraries/io/netty/netty-transport-classes-epoll/4.2.7.Final/netty-transport-classes-epoll-4.2.7.Final.jar
Unpacking io/netty/netty-transport-classes-kqueue/4.2.7.Final/netty-transport-classes-kqueue-4.2.7.Final.jar (libraries:io.netty:netty-transport-classes-kqueue:4.2.7.Final) to libraries/io/netty/netty-transport-classes-kqueue/4.2.7.Final/netty-transport-classes-kqueue-4.2.7.Final.jar
Unpacking io/netty/netty-transport-native-epoll/4.2.7.Final/netty-transport-native-epoll-4.2.7.Final-linux-x86_64.jar (libraries:io.netty:netty-transport-native-epoll:4.2.7.Final:linux-x86_64) to libraries/io/netty/netty-transport-native-epoll/4.2.7.Final/netty-transport-native-epoll-4.2.7.Final-linux-x86_64.jar
Unpacking io/netty/netty-transport-native-epoll/4.2.7.Final/netty-transport-native-epoll-4.2.7.Final-linux-aarch_64.jar (libraries:io.netty:netty-transport-native-epoll:4.2.7.Final:linux-aarch_64) to libraries/io/netty/netty-transport-native-epoll/4.2.7.Final/netty-transport-native-epoll-4.2.7.Final-linux-aarch_64.jar
Unpacking io/netty/netty-transport-native-kqueue/4.2.7.Final/netty-transport-native-kqueue-4.2.7.Final-osx-x86_64.jar (libraries:io.netty:netty-transport-native-kqueue:4.2.7.Final:osx-x86_64) to libraries/io/netty/netty-transport-native-kqueue/4.2.7.Final/netty-transport-native-kqueue-4.2.7.Final-osx-x86_64.jar
Unpacking io/netty/netty-transport-native-kqueue/4.2.7.Final/netty-transport-native-kqueue-4.2.7.Final-osx-aarch_64.jar (libraries:io.netty:netty-transport-native-kqueue:4.2.7.Final:osx-aarch_64) to libraries/io/netty/netty-transport-native-kqueue/4.2.7.Final/netty-transport-native-kqueue-4.2.7.Final-osx-aarch_64.jar
Unpacking io/netty/netty-transport-native-unix-common/4.2.7.Final/netty-transport-native-unix-common-4.2.7.Final.jar (libraries:io.netty:netty-transport-native-unix-common:4.2.7.Final) to libraries/io/netty/netty-transport-native-unix-common/4.2.7.Final/netty-transport-native-unix-common-4.2.7.Final.jar
Unpacking it/unimi/dsi/fastutil/8.5.18/fastutil-8.5.18.jar (libraries:it.unimi.dsi:fastutil:8.5.18) to libraries/it/unimi/dsi/fastutil/8.5.18/fastutil-8.5.18.jar
Unpacking net/java/dev/jna/jna/5.17.0/jna-5.17.0.jar (libraries:net.java.dev.jna:jna:5.17.0) to libraries/net/java/dev/jna/jna/5.17.0/jna-5.17.0.jar
Unpacking net/java/dev/jna/jna-platform/5.17.0/jna-platform-5.17.0.jar (libraries:net.java.dev.jna:jna-platform:5.17.0) to libraries/net/java/dev/jna/jna-platform/5.17.0/jna-platform-5.17.0.jar
Unpacking net/sf/jopt-simple/jopt-simple/5.0.4/jopt-simple-5.0.4.jar (libraries:net.sf.jopt-simple:jopt-simple:5.0.4) to libraries/net/sf/jopt-simple/jopt-simple/5.0.4/jopt-simple-5.0.4.jar
Unpacking org/apache/commons/commons-lang3/3.19.0/commons-lang3-3.19.0.jar (libraries:org.apache.commons:commons-lang3:3.19.0) to libraries/org/apache/commons/commons-lang3/3.19.0/commons-lang3-3.19.0.jar
Unpacking org/apache/logging/log4j/log4j-api/2.25.2/log4j-api-2.25.2.jar (libraries:org.apache.logging.log4j:log4j-api:2.25.2) to libraries/org/apache/logging/log4j/log4j-api/2.25.2/log4j-api-2.25.2.jar
Unpacking org/apache/logging/log4j/log4j-core/2.25.2/log4j-core-2.25.2.jar (libraries:org.apache.logging.log4j:log4j-core:2.25.2) to libraries/org/apache/logging/log4j/log4j-core/2.25.2/log4j-core-2.25.2.jar
Unpacking org/apache/logging/log4j/log4j-slf4j2-impl/2.25.2/log4j-slf4j2-impl-2.25.2.jar (libraries:org.apache.logging.log4j:log4j-slf4j2-impl:2.25.2) to libraries/org/apache/logging/log4j/log4j-slf4j2-impl/2.25.2/log4j-slf4j2-impl-2.25.2.jar
Unpacking org/joml/joml/1.10.8/joml-1.10.8.jar (libraries:org.joml:joml:1.10.8) to libraries/org/joml/joml/1.10.8/joml-1.10.8.jar
Unpacking org/jspecify/jspecify/1.0.0/jspecify-1.0.0.jar (libraries:org.jspecify:jspecify:1.0.0) to libraries/org/jspecify/jspecify/1.0.0/jspecify-1.0.0.jar
Unpacking org/slf4j/slf4j-api/2.0.17/slf4j-api-2.0.17.jar (libraries:org.slf4j:slf4j-api:2.0.17) to libraries/org/slf4j/slf4j-api/2.0.17/slf4j-api-2.0.17.jar
Starting net.minecraft.server.Main
[20:31:51] [ServerMain/INFO]: Environment: Environment[sessionHost=https://sessionserver.mojang.com, servicesHost=https://api.minecraftservices.com, profilesHost=https://api.mojang.com, name=PROD]
[20:31:52] [ServerMain/INFO]: Loaded 1470 recipes
[20:31:52] [ServerMain/INFO]: Loaded 1584 advancements
[20:31:52] [Server thread/INFO]: Starting minecraft server version 1.21.11
[20:31:52] [Server thread/INFO]: Loading properties
[20:31:52] [Server thread/INFO]: Default game type: SURVIVAL
[20:31:52] [Server thread/INFO]: Generating keypair
[20:31:52] [Server thread/INFO]: Starting Minecraft server on 127.0.0.1:0
[20:31:52] [Server thread/WARN]: **** SERVER IS RUNNING IN OFFLINE/INSECURE MODE!
[20:31:52] [Server thread/WARN]: The server will make no attempt to authenticate usernames. Beware.
[20:31:52] [Server thread/WARN]: While this makes the game possible to play without internet access, it also opens up the ability for hackers to connect with any username they choose.
[20:31:52] [Server thread/WARN]: To change this, set "online-mode" to "true" in the server.properties file.
[20:31:52] [Server thread/INFO]: Preparing level "world"
[20:31:52] [Server thread/INFO]: Loading 0 persistent chunks...
[20:31:52] [Server thread/INFO]: Time elapsed: 13 ms
[20:31:52] [Server thread/INFO]: Done (0.108s)! For help, type "help"
[20:31:52] [Server thread/INFO]: The game is frozen
[20:31:53] [Server thread/INFO]: Marked chunk [121, 22] in harvest:tv_49b22bb49e0684c3a1295570 to be force loaded
[20:31:53] [Server thread/INFO]: Marked chunk [127, -1] in harvest:tv_51a79e3b1bee05ea7559e799 to be force loaded
[20:31:53] [Server thread/INFO]: Marked chunk [-129, -1] in harvest:tv_ef56852eda10acc88342e5ee to be force loaded
[20:32:00] [Server thread/INFO]: [Not Secure] [Server] HARVEST_OK_tv_49b22bb49e0684c3a1295570_floor
[20:32:00] [Server thread/INFO]: [Not Secure] [Server] HARVEST_OK_tv_49b22bb49e0684c3a1295570_roof
[20:32:00] [Server thread/INFO]: [Not Secure] [Server] HARVEST_OK_tv_51a79e3b1bee05ea7559e799_floor
[20:32:00] [Server thread/INFO]: [Not Secure] [Server] HARVEST_OK_tv_51a79e3b1bee05ea7559e799_roof
[20:32:00] [Server thread/INFO]: [Not Secure] [Server] HARVEST_OK_tv_ef56852eda10acc88342e5ee_floor
[20:32:00] [Server thread/INFO]: [Not Secure] [Server] HARVEST_OK_tv_ef56852eda10acc88342e5ee_roof
[20:32:00] [Server thread/INFO]: Saving the game (this may take a moment!)
[20:32:00] [Server thread/INFO]: Saved the game
[20:32:00] [Server thread/INFO]: Stopping the server
[20:32:00] [Server thread/INFO]: Stopping server
[20:32:00] [Server thread/INFO]: Saving players
[20:32:00] [Server thread/INFO]: Saving worlds
[20:32:01] [Server thread/INFO]: Saving chunks for level 'ServerLevel[Terrain Harvest Gallery]'/minecraft:overworld
[20:32:01] [Server thread/INFO]: Saving chunks for level 'ServerLevel[Terrain Harvest Gallery]'/harvest:tv_ef56852eda10acc88342e5ee
[20:32:01] [Server thread/INFO]: Saving chunks for level 'ServerLevel[Terrain Harvest Gallery]'/minecraft:the_end
[20:32:01] [Server thread/INFO]: Saving chunks for level 'ServerLevel[Terrain Harvest Gallery]'/minecraft:the_nether
[20:32:01] [Server thread/INFO]: Saving chunks for level 'ServerLevel[Terrain Harvest Gallery]'/harvest:tv_49b22bb49e0684c3a1295570
[20:32:01] [Server thread/INFO]: Saving chunks for level 'ServerLevel[Terrain Harvest Gallery]'/harvest:tv_51a79e3b1bee05ea7559e799
[20:32:01] [Server thread/INFO]: ThreadedAnvilChunkStorage (world): All chunks are saved
[20:32:01] [Server thread/INFO]: ThreadedAnvilChunkStorage (tv_ef56852eda10acc88342e5ee): All chunks are saved
[20:32:01] [Server thread/INFO]: ThreadedAnvilChunkStorage (DIM1): All chunks are saved
[20:32:01] [Server thread/INFO]: ThreadedAnvilChunkStorage (DIM-1): All chunks are saved
[20:32:01] [Server thread/INFO]: ThreadedAnvilChunkStorage (tv_49b22bb49e0684c3a1295570): All chunks are saved
[20:32:01] [Server thread/INFO]: ThreadedAnvilChunkStorage (tv_51a79e3b1bee05ea7559e799): All chunks are saved
[20:32:01] [Server thread/INFO]: ThreadedAnvilChunkStorage: All dimensions are saved
